// Jest Snapshot v1, https://goo.gl/fbAQLP

exports[`Store Commands Set command ran successfully 1`] = `"{\\"foo\\":{\\"key\\":\\"foo\\",\\"value\\":\\"say\\",\\"flags\\":3,\\"cas\\":1,\\"fetchLog\\":[],\\"updateLog\\":[{\\"time\\":1580414508505}]}}"`;
